<!DOCTYPE html>
<html lang="en">
<head>
	<meta http-equiv="Content-type" content="text/html; charset=utf-8">
    <meta http-equiv="X-UA-Compatible" content="IE=Edge">
	<title>Portfolio</title>
	<link href="css/style.css" type="text/css" rel="stylesheet" />
    <link rel="stylesheet" href="http://fonts.googleapis.com/css?family=Oswald:400,300" type="text/css">
</head>
<body>
<div class="wrapper">
	<div id="header">
		<div class="conteiner clearfix">
				<div class="logo"><a href="#"><img src="img/logo.png" height="28" width="79" alt="Логотип"></a>
			</div>
			<ul class="nav">
				<li><a href="#">Home</a></li>
				<li><a href="#">Services</a></li>
				<li><a href="#">Portfolio</a></li>
				<li><a href="#">About</a></li>
				<li><a href="#">Contacts</a></li>
			</ul>
		</div>
	</div>
	<div id="home">
		<div class="conteiner">
		<h3>Welcome To Our Studio!</h3>
		<h1>It’s nice to Meet you</h1>
		<buttun id="btn">Tell Me More</buttun>
		</div>
	</div>
	<div id="services" class="box">
		<div class="conteiner">
			<h2 class="title">Services</h2>
			<p class="descr">Proin iaculis purus consequat sem cure. </p>
			<div class="cervices-wrap clearfix">
				<div class="services-item commerce">
					<h5 class="title">E-Commerce</h5>
					<p>Proin iaculis purus consequat sem cure 
					digni ssim. Donec porttitora entum suscipit</p>
				</div>
				<div class="services-item responsive">
					<h5 class="title">Responsive Web</h5>
					<p>Proin iaculis purus consequat sem cure 
					digni ssim. Donec porttitora entum suscipit</p>
				</div>
				<div class="services-item secutity">
					<h5 class="title">Web Security</h5>
					<p>Proin iaculis purus consequat sem cure 
					digni ssim. Donec porttitora entum suscipit</p>
				</div>
			</div>
		</div>
	</div>
		<div id="portfolio" class="box">
		<div class="conteiner">
			<h2 class="title">Our portfolio</h2>
			<p class="descr">Proin iaculis purus consequat sem cure. </p>
			<div class="portfolio-wrap clearfix">
				<div class="portfolio-item">
					<a href=""><img src="img/ebony.png" alt=""></a>
					<div class="p-item-footer">
						<h5 class="title">Ebony &amp; Ivory</h5>
						<span>Branding</span>
					</div>
				</div>
						<div class="portfolio-item">
					<a href=""><img src="img/smart.jpg" alt=""></a>
					<div class="p-item-footer">
						<h5 class="title">Smart Stationary</h5>
						<span>Print Design</span>
					</div>
				</div>
						<div class="portfolio-item">
					<a href=""><img src="img/clever.jpg" alt=""></a>
					<div class="p-item-footer">
						<h5 class="title">Clever Poster </h5>
						<span>Print Design</span>
					</div>
				</div>
						<div class="portfolio-item">
					<a href=""><img src="img/vinyl.jpg" alt=""></a>
					<div class="p-item-footer">
						<h5 class="title">Vinyl Record </h5>
						<span>Product Mock-Up</span>
					</div>
				</div>
						<div class="portfolio-item">
					<a href=""><img src="img/treehouse.jpg" alt=""></a>
					<div class="p-item-footer">
						<h5 class="title">Treehouse Template</h5>
						<span>Web Design</span>
					</div>
				</div>
						<div class="portfolio-item">
					<a href=""><img src="img/burned.jpg" alt=""></a>
					<div class="p-item-footer">
						<h5 class="title">Burned Logo</h5>
							<span>Branding</span>
							</div>
						</div>
					</div>
				</div>
				<div id="about" name="about" class="box">
				<div class="conteiner ">
					<h2 class="title">About Us</h2>
					<p class="descr">Proin iaculis purus consequat sem cure. </p>
					<div class="about-wrap">
						<div class="about-item clearfix">
							<div class="about-text  left text-right">
								<h5 class="title"><span>July 2010</span> <br>
								Our Humble Beginnings</h5>
								<p>Proin iaculis purus consequat sem cure 
									digni ssim. Donec porttitora entum suscipit 
									aenean rhoncus posuere odio in tincidunt. Proin 
									iaculis purus consequat sem cure digni 
									ssim. Donec porttitora entum suscipit.</p>
							</div>
							<div class="about-img left">
								<img src="img/about1.png" alt="Картинка">
							</div>
						</div>
								<div class="about-item clearfix">
							<div class="about-text  right text-left">
								<h5 class="title"><span>January 2011</span> <br>
												Facing Startup Battles
												</h5>
								<p>Proin iaculis purus consequat sem cure 
									digni ssim. Donec porttitora entum suscipit 
									aenean rhoncus posuere odio in tincidunt. Proin 
									iaculis purus consequat sem cure digni 
									ssim. Donec porttitora entum suscipit aenean 
									rhoncus posuere odio in tincidunt.</p>
							</div>
							<div class="about-img right">
								<img src="img/about2.png" alt="Картинка2">
							</div>
						</div>
								<div class="about-item clearfix">
							<div class="about-text  left text-right">
								<h5 class="title"><span>December 2012</span> <br>
									Enter The Dark Days
									</h5>
								<p>Proin iaculis purus consequat sem cure 
									digni ssim. Donec porttitora entum suscipit 
									aenean rhoncus posuere odio in tincidunt. Proin 
									iaculis purus consequat sem cure digni 
									ssim. Donec porttitora entum suscipit.</p>
							</div>
							<div class="about-img left">
								<img src="img/about3.png" alt="Картинка3">
							</div>
						</div>
						<div class="about-item clearfix">
							<div class="about-text  right text-left">
								<h5 class="title"><span>february 2014</span> <br>
												Our Triumph
												</h5>
								<p>Proin iaculis purus consequat sem cure 
									digni ssim. Donec porttitora entum suscipit 
									aenean rhoncus posuere odio in tincidunt. Proin 
									iaculis purus consequat sem cure digni 
									ssim. Donec porttitora entum suscipit.</p>
							</div>
							<div class="about-img right">
								<img src="img/about4.png" alt="Картинка4">
							</div>
						</div>
						<a href="#" class="about-link">Our <br />Story <br />Continues <br />...</a>
					</div>
					</div>
				</div>
				<div id="team"  class="box">
					<div class="conteiner">
						<h2 class="title">our amazing team</h2>
						<p class="descr">Proin iaculis purus consequat sem cure. </p>
						<div class="team-wrap clearfix">
							<div class="team-item">
								<img src="img/team-img.png" height="220" width="220" alt="Фото">
								<h5 class="title">Kimberly Thompson</h5>
								<p clsss="cat">Marketer</p>
								<div class="social">
								<a href="#" class="ic-tw">&nbsp;</a>
								<a href="#" class="ic-fb">&nbsp;</a>
								<a href="#" class="ic-pn">&nbsp;</a>
								</div>	
							</div>
							<div class="team-item">
								<img src="img/team-img.png" height="220" width="220" alt="Фото">
								<h5 class="title">Kimberly Thompson</h5>
								<p clsss="cat">Marketer</p>
								<div class="social">
								<a href="#" class="ic-tw">&nbsp;</a>
								<a href="#" class="ic-fb">&nbsp;</a>
								<a href="#" class="ic-gl">&nbsp;</a>
								</div>	
							</div>
							<div class="team-item">
								<img src="img/team-img.png" height="220" width="220" alt="Фото">
								<h5 class="title">Kimberly Thompson</h5>
								<p clsss="cat">Marketer</p>
								<div class="social">
								<a href="#" class="ic-fb">&nbsp;</a>
								<a href="#" class="ic-pn">&nbsp;</a>
								</div>	
							</div>
						</div>
						<p class="descr team-info">Proin iaculis purus consequat sem cure  digni ssim donec porttitora entum suscipit <br>  
						aenean rhoncus posuere odio in tincidunt proin iaculis.</p>
					</div>	
				</div>
				<div id="brand">
					<div class="conteiner">
						<a href="#"><img src="img/envato.png" width="161" height="30" alt="Картинка"></a>
						<a href="#"><img src="img/press.png" width="186" height="42" alt="Картинка"></a>
						<a href="#"><img src="img/tuts.png" width="131" height="41" alt="Картинка"></a>
						<a href="#"><img src="img/microlancer.png" width="167" height="42" alt="Картинка"></a>
					</div>
				</div>
				<div id="contact" name="contact"  class="box">
					<div class="conteiner">
						<h2 class="title">Contact us</h2>
						<p class="descr">Proin iaculis purus consequat sem cure. </p>
						<form action="#" id="masseges">
							<div class="clearfix">
								<div class="left">
									<input type="text" placeholder="your Name *" />
									<input type="text" placeholder="your e-mail *" />
									<input type="text" placeholder="subject" />
								</div>
								<div class="right">
									<textarea   cols="0" rows="0" placeholder="Your message *" >
									</textarea>
								</div>
							</div>
							<input type="submit" value="Send Message" id="btn"  />
					</form>

				</div>
			</div>
		</div>
		<div id="copyright">
			<div class="conteiner  clearfix">
				<p class="left">&copy;Copyright 2014 FreebiesXpress.com</p>
				<div class="social footer" id="social">
					<a href="#" class="ic-tw black">&nbsp;</a>
					<a href="#" class="ic-fb black">&nbsp;</a>
					<a href="#" class="ic-pn black">&nbsp;</a>
					<a href="#" class="ic-gl black">&nbsp;</a>
				</div>	
			</div>
		</div>
	</div>
</body>
</html>